// Jest Snapshot v1, https://goo.gl/fbAQLP

exports[`Search renders 1`] = `
<input
  className="sc-bdVaJa fanUGB"
  onChange={[Function]}
  onKeyPress={[Function]}
  type="text"
  value="trending"
/>
`;
